<?xml version="1.0" ?>
<othello-match>
	<timing start="Fri Feb  9 11:59:37 2024" finish="Fri Feb  9 12:00:38 2024"/>
	<player directory="advsearch\humanplayer" color="B" result="loss" score="-1"/>
	<player directory="advsearch\your_agent" color="W" result="win" score="1"/>
	<moves>
		<move coord="1,1" color="B"/>
		<move coord="0,1" color="W"/>
		<move coord="2,1" color="B"/>
		<move coord="1,2" color="W"/>
		<move coord="1,0" color="B"/>
		<move coord="2,2" color="W"/>
		<move coord="2,0" color="B"/>
		<move coord="0,0" color="W"/>
		<move coord="0,2" color="B"/>
	</moves>
</othello-match>
